// Jest Snapshot v1, https://goo.gl/fbAQLP

exports[`Engagement Card matches the snapshot 1`] = `
Object {
  "asFragment": [Function],
  "baseElement": <body>
    <div>
      <article
        class="pf-c-card pf-m-hoverable pf-m-compact"
        style="margin: 1rem; padding: 1rem;"
      >
        <div
          class="pf-c-card__body"
          style="padding: 0px 2rem;"
        >
          <div
            class="pf-l-flex"
            style="align-items: center;"
          >
            <div
              class="pf-m-flex-1"
            >
              <nav
                aria-label="Local"
                class="pf-c-nav pf-m-horizontal pf-m-tertiary"
                data-ouia-component-id="3"
                data-ouia-component-type="PF4/Nav"
                data-ouia-safe="true"
              >
                <button
                  aria-label="Scroll left"
                  class="pf-c-nav__scroll-button"
                  disabled=""
                >
                  <svg
                    aria-hidden="true"
                    fill="currentColor"
                    height="1em"
                    role="img"
                    style="vertical-align: -0.125em;"
                    viewBox="0 0 256 512"
                    width="1em"
                  >
                    <path
                      d="M31.7 239l136-136c9.4-9.4 24.6-9.4 33.9 0l22.6 22.6c9.4 9.4 9.4 24.6 0 33.9L127.9 256l96.4 96.4c9.4 9.4 9.4 24.6 0 33.9L201.7 409c-9.4 9.4-24.6 9.4-33.9 0l-136-136c-9.5-9.4-9.5-24.6-.1-34z"
                      transform=""
                    />
                  </svg>
                </button>
                <ul
                  class="pf-c-nav__list"
                >
                  <li
                    class="pf-c-nav__item"
                  >
                    <h3
                      class="pf-c-title pf-m-lg pf-c-nav__link"
                      style="font-weight: bolder; cursor: pointer;"
                    >
                      Test Title
                    </h3>
                  </li>
                </ul>
                <button
                  aria-label="Scroll right"
                  class="pf-c-nav__scroll-button"
                  disabled=""
                >
                  <svg
                    aria-hidden="true"
                    fill="currentColor"
                    height="1em"
                    role="img"
                    style="vertical-align: -0.125em;"
                    viewBox="0 0 256 512"
                    width="1em"
                  >
                    <path
                      d="M224.3 273l-136 136c-9.4 9.4-24.6 9.4-33.9 0l-22.6-22.6c-9.4-9.4-9.4-24.6 0-33.9l96.4-96.4-96.4-96.4c-9.4-9.4-9.4-24.6 0-33.9L54.3 103c9.4-9.4 24.6-9.4 33.9 0l136 136c9.5 9.4 9.5 24.6.1 34z"
                      transform=""
                    />
                  </svg>
                </button>
              </nav>
              <h4
                class="pf-c-title pf-m-md"
                style="margin: 0px 1rem; font-weight: normal;"
              />
            </div>
            <div
              class="pf-m-flex-3"
            >
              <div>
                 Test Child Component 
              </div>
            </div>
            <div
              class="pf-m-flex-none"
            >
              <button
                class="pf-c-button pf-m-secondary"
                data-ouia-component-type="PF4/Button"
                data-ouia-safe="true"
                type="button"
              >
                View Engagement
              </button>
            </div>
          </div>
        </div>
      </article>
    </div>
  </body>,
  "container": <div>
    <article
      class="pf-c-card pf-m-hoverable pf-m-compact"
      style="margin: 1rem; padding: 1rem;"
    >
      <div
        class="pf-c-card__body"
        style="padding: 0px 2rem;"
      >
        <div
          class="pf-l-flex"
          style="align-items: center;"
        >
          <div
            class="pf-m-flex-1"
          >
            <nav
              aria-label="Local"
              class="pf-c-nav pf-m-horizontal pf-m-tertiary"
              data-ouia-component-id="3"
              data-ouia-component-type="PF4/Nav"
              data-ouia-safe="true"
            >
              <button
                aria-label="Scroll left"
                class="pf-c-nav__scroll-button"
                disabled=""
              >
                <svg
                  aria-hidden="true"
                  fill="currentColor"
                  height="1em"
                  role="img"
                  style="vertical-align: -0.125em;"
                  viewBox="0 0 256 512"
                  width="1em"
                >
                  <path
                    d="M31.7 239l136-136c9.4-9.4 24.6-9.4 33.9 0l22.6 22.6c9.4 9.4 9.4 24.6 0 33.9L127.9 256l96.4 96.4c9.4 9.4 9.4 24.6 0 33.9L201.7 409c-9.4 9.4-24.6 9.4-33.9 0l-136-136c-9.5-9.4-9.5-24.6-.1-34z"
                    transform=""
                  />
                </svg>
              </button>
              <ul
                class="pf-c-nav__list"
              >
                <li
                  class="pf-c-nav__item"
                >
                  <h3
                    class="pf-c-title pf-m-lg pf-c-nav__link"
                    style="font-weight: bolder; cursor: pointer;"
                  >
                    Test Title
                  </h3>
                </li>
              </ul>
              <button
                aria-label="Scroll right"
                class="pf-c-nav__scroll-button"
                disabled=""
              >
                <svg
                  aria-hidden="true"
                  fill="currentColor"
                  height="1em"
                  role="img"
                  style="vertical-align: -0.125em;"
                  viewBox="0 0 256 512"
                  width="1em"
                >
                  <path
                    d="M224.3 273l-136 136c-9.4 9.4-24.6 9.4-33.9 0l-22.6-22.6c-9.4-9.4-9.4-24.6 0-33.9l96.4-96.4-96.4-96.4c-9.4-9.4-9.4-24.6 0-33.9L54.3 103c9.4-9.4 24.6-9.4 33.9 0l136 136c9.5 9.4 9.5 24.6.1 34z"
                    transform=""
                  />
                </svg>
              </button>
            </nav>
            <h4
              class="pf-c-title pf-m-md"
              style="margin: 0px 1rem; font-weight: normal;"
            />
          </div>
          <div
            class="pf-m-flex-3"
          >
            <div>
               Test Child Component 
            </div>
          </div>
          <div
            class="pf-m-flex-none"
          >
            <button
              class="pf-c-button pf-m-secondary"
              data-ouia-component-type="PF4/Button"
              data-ouia-safe="true"
              type="button"
            >
              View Engagement
            </button>
          </div>
        </div>
      </div>
    </article>
  </div>,
  "debug": [Function],
  "findAllByAltText": [Function],
  "findAllByDisplayValue": [Function],
  "findAllByLabelText": [Function],
  "findAllByPlaceholderText": [Function],
  "findAllByRole": [Function],
  "findAllByTestId": [Function],
  "findAllByText": [Function],
  "findAllByTitle": [Function],
  "findByAltText": [Function],
  "findByDisplayValue": [Function],
  "findByLabelText": [Function],
  "findByPlaceholderText": [Function],
  "findByRole": [Function],
  "findByTestId": [Function],
  "findByText": [Function],
  "findByTitle": [Function],
  "getAllByAltText": [Function],
  "getAllByDisplayValue": [Function],
  "getAllByLabelText": [Function],
  "getAllByPlaceholderText": [Function],
  "getAllByRole": [Function],
  "getAllByTestId": [Function],
  "getAllByText": [Function],
  "getAllByTitle": [Function],
  "getByAltText": [Function],
  "getByDisplayValue": [Function],
  "getByLabelText": [Function],
  "getByPlaceholderText": [Function],
  "getByRole": [Function],
  "getByTestId": [Function],
  "getByText": [Function],
  "getByTitle": [Function],
  "queryAllByAltText": [Function],
  "queryAllByDisplayValue": [Function],
  "queryAllByLabelText": [Function],
  "queryAllByPlaceholderText": [Function],
  "queryAllByRole": [Function],
  "queryAllByTestId": [Function],
  "queryAllByText": [Function],
  "queryAllByTitle": [Function],
  "queryByAltText": [Function],
  "queryByDisplayValue": [Function],
  "queryByLabelText": [Function],
  "queryByPlaceholderText": [Function],
  "queryByRole": [Function],
  "queryByTestId": [Function],
  "queryByText": [Function],
  "queryByTitle": [Function],
  "rerender": [Function],
  "unmount": [Function],
}
`;
