// Jest Snapshot v1, https://goo.gl/fbAQLP

exports[`Engagement Tab View should match snapshot 1`] = `
Object {
  "asFragment": [Function],
  "baseElement": <body>
    <div>
      <div
        class="pf-c-tabs pf-m-box"
        data-ouia-component-id="1"
        data-ouia-component-type="PF4/Tabs"
        data-ouia-safe="true"
      >
        <button
          aria-hidden="true"
          aria-label="Scroll left"
          class="pf-c-tabs__scroll-button"
          disabled=""
        >
          <svg
            aria-hidden="true"
            fill="currentColor"
            height="1em"
            role="img"
            style="vertical-align: -0.125em;"
            viewBox="0 0 256 512"
            width="1em"
          >
            <path
              d="M31.7 239l136-136c9.4-9.4 24.6-9.4 33.9 0l22.6 22.6c9.4 9.4 9.4 24.6 0 33.9L127.9 256l96.4 96.4c9.4 9.4 9.4 24.6 0 33.9L201.7 409c-9.4 9.4-24.6 9.4-33.9 0l-136-136c-9.5-9.4-9.5-24.6-.1-34z"
              transform=""
            />
          </svg>
        </button>
        <ul
          class="pf-c-tabs__list"
        >
          <li
            class="pf-c-tabs__item pf-m-current"
          >
            <button
              aria-controls="pf-tab-section-overview-overview"
              class="pf-c-tabs__link"
              id="pf-tab-overview-overview"
            >
              Overview
            </button>
          </li>
          <li
            class="pf-c-tabs__item"
          >
            <button
              aria-controls="pf-tab-section-users-users"
              class="pf-c-tabs__link"
              id="pf-tab-users-users"
            >
              Users
            </button>
          </li>
          <li
            class="pf-c-tabs__item"
          >
            <button
              aria-controls="pf-tab-section-hosting_environment-hosting_environment"
              class="pf-c-tabs__link"
              id="pf-tab-hosting_environment-hosting_environment"
            >
              Hosting Environment
            </button>
          </li>
        </ul>
        <button
          aria-hidden="true"
          aria-label="Scroll right"
          class="pf-c-tabs__scroll-button"
          disabled=""
        >
          <svg
            aria-hidden="true"
            fill="currentColor"
            height="1em"
            role="img"
            style="vertical-align: -0.125em;"
            viewBox="0 0 256 512"
            width="1em"
          >
            <path
              d="M224.3 273l-136 136c-9.4 9.4-24.6 9.4-33.9 0l-22.6-22.6c-9.4-9.4-9.4-24.6 0-33.9l96.4-96.4-96.4-96.4c-9.4-9.4-9.4-24.6 0-33.9L54.3 103c9.4-9.4 24.6-9.4 33.9 0l136 136c9.5 9.4 9.5 24.6.1 34z"
              transform=""
            />
          </svg>
        </button>
      </div>
      <section
        aria-labelledby="pf-tab-overview-overview"
        class="pf-c-tab-content"
        id="pf-tab-section-overview-overview"
        role="tabpanel"
        tabindex="0"
      >
        <div
          style="padding-top: 20px;"
        >
          <div
            class="pf-c-content"
          >
            <div
              class="pf-l-grid pf-m-gutter"
            >
              <div
                class="pf-l-grid__item pf-m-12-col"
              >
                <article
                  class="pf-c-card"
                >
                  <div
                    class="pf-l-grid"
                  >
                    <div
                      class="pf-l-grid__item pf-m-11-col"
                    >
                      <div
                        class="pf-c-card__title"
                      >
                        <div
                          class="pf-l-level"
                        >
                          <div>
                            <h3
                              class="pf-c-title pf-m-lg"
                              style="font-weight: normal;"
                            >
                              Engagement Summary
                            </h3>
                          </div>
                          <div />
                        </div>
                      </div>
                      <div
                        class="pf-c-card__body"
                      >
                        <div
                          class="pf-l-grid pf-m-gutter"
                        >
                          <div
                            class="pf-l-grid__item pf-m-4-col"
                          >
                            <div
                              class="pf-c-content"
                            >
                              <h6
                                class=""
                                data-pf-content="true"
                                style="margin-bottom: 0.1rem;"
                              >
                                Company
                              </h6>
                            </div>
                          </div>
                          <div
                            class="pf-l-grid__item pf-m-4-col"
                          >
                            <div
                              class="pf-c-content"
                            >
                              <h6
                                class=""
                                data-pf-content="true"
                                style="margin-bottom: 0.1rem;"
                              >
                                Project
                              </h6>
                            </div>
                          </div>
                          <div
                            class="pf-l-grid__item pf-m-4-col"
                          >
                            <div
                              class="pf-c-content"
                            >
                              <h6
                                class=""
                                data-pf-content="true"
                                style="margin-bottom: 0.1rem;"
                              >
                                Start Date
                              </h6>
                            </div>
                          </div>
                          <div
                            class="pf-l-grid__item pf-m-4-col"
                          >
                            <div
                              class="pf-c-content"
                            >
                              <h6
                                class=""
                                data-pf-content="true"
                                style="margin-bottom: 0.1rem;"
                              >
                                End Date
                              </h6>
                            </div>
                          </div>
                          <div
                            class="pf-l-grid__item pf-m-4-col"
                          >
                            <div
                              class="pf-c-content"
                            >
                              <h6
                                class=""
                                data-pf-content="true"
                                style="margin-bottom: 0.1rem;"
                              >
                                Description
                              </h6>
                            </div>
                          </div>
                          <div
                            class="pf-l-grid__item pf-m-4-col"
                          >
                            <div
                              class="pf-c-content"
                            >
                              <h6
                                class=""
                                data-pf-content="true"
                                style="margin-bottom: 0.1rem;"
                              >
                                Location
                              </h6>
                            </div>
                          </div>
                        </div>
                      </div>
                    </div>
                    <div
                      class="pf-l-grid__item pf-m-1-col"
                    >
                      <div
                        class="pf-l-flex"
                        style="height: 100%;"
                      >
                        <div
                          class="pf-m-align-self-center"
                        />
                      </div>
                    </div>
                  </div>
                </article>
              </div>
              <div
                class="pf-l-grid__item pf-m-12-col"
              >
                <article
                  class="pf-c-card"
                >
                  <div
                    class="pf-l-grid"
                  >
                    <div
                      class="pf-l-grid__item pf-m-11-col"
                    >
                      <div
                        class="pf-c-card__title"
                      >
                        <div
                          class="pf-l-level"
                        >
                          <div>
                            <h3
                              class="pf-c-title pf-m-lg"
                              style="font-weight: normal;"
                            >
                              Points of Contact
                            </h3>
                          </div>
                          <div />
                        </div>
                      </div>
                      <div
                        class="pf-c-card__body"
                      >
                        <div
                          class="pf-l-grid pf-m-gutter"
                        >
                          <div
                            class="pf-l-grid__item pf-m-4-col"
                          >
                            <div
                              class="pf-c-content"
                            >
                              <h6
                                class=""
                                data-pf-content="true"
                                style="margin-bottom: 0.1rem;"
                              >
                                Engagement Lead
                              </h6>
                            </div>
                          </div>
                          <div
                            class="pf-l-grid__item pf-m-4-col"
                          >
                            <div
                              class="pf-c-content"
                            >
                              <h6
                                class=""
                                data-pf-content="true"
                                style="margin-bottom: 0.1rem;"
                              >
                                Technical Lead
                              </h6>
                            </div>
                          </div>
                          <div
                            class="pf-l-grid__item pf-m-4-col"
                          >
                            <div
                              class="pf-c-content"
                            >
                              <h6
                                class=""
                                data-pf-content="true"
                                style="margin-bottom: 0.1rem;"
                              >
                                Customer Contact
                              </h6>
                            </div>
                          </div>
                        </div>
                      </div>
                    </div>
                    <div
                      class="pf-l-grid__item pf-m-1-col"
                    >
                      <div
                        class="pf-l-flex"
                        style="height: 100%;"
                      >
                        <div
                          class="pf-m-align-self-center"
                        />
                      </div>
                    </div>
                  </div>
                </article>
              </div>
              <div
                class="pf-l-grid__item pf-m-12-col"
              >
                <article
                  class="pf-c-card"
                >
                  <div
                    class="pf-l-grid"
                  >
                    <div
                      class="pf-l-grid__item pf-m-11-col"
                    >
                      <div
                        class="pf-c-card__title"
                      >
                        <div
                          class="pf-l-level"
                        >
                          <div>
                            <h3
                              class="pf-c-title pf-m-lg"
                              style="font-weight: normal;"
                            >
                              Hosting Environment
                            </h3>
                          </div>
                          <div />
                        </div>
                      </div>
                      <div
                        class="pf-c-card__body"
                      >
                        <div
                          class="pf-l-grid pf-m-gutter"
                        >
                          <div
                            class="pf-l-grid__item pf-m-3-col"
                          >
                            <div
                              class="pf-c-content"
                            >
                              <h6
                                class=""
                                data-pf-content="true"
                                style="margin-bottom: 0.1rem;"
                              >
                                Hosting Type
                              </h6>
                              <p
                                class=""
                                data-pf-content="true"
                              >
                                OpenShift Container Platform
                              </p>
                            </div>
                          </div>
                          <div
                            class="pf-l-grid__item pf-m-3-col"
                          >
                            <div
                              class="pf-c-content"
                            >
                              <h6
                                class=""
                                data-pf-content="true"
                                style="margin-bottom: 0.1rem;"
                              >
                                Cloud Provider
                              </h6>
                            </div>
                          </div>
                          <div
                            class="pf-l-grid__item pf-m-3-col"
                          >
                            <div
                              class="pf-c-content"
                            >
                              <h6
                                class=""
                                data-pf-content="true"
                                style="margin-bottom: 0.1rem;"
                              >
                                OpenShift Version
                              </h6>
                            </div>
                          </div>
                          <div
                            class="pf-l-grid__item pf-m-3-col"
                          >
                            <div
                              class="pf-c-content"
                            >
                              <h6
                                class=""
                                data-pf-content="true"
                                style="margin-bottom: 0.1rem;"
                              >
                                Storage Size
                              </h6>
                            </div>
                          </div>
                          <div
                            class="pf-l-grid__item pf-m-3-col"
                          >
                            <div
                              class="pf-c-content"
                            >
                              <h6
                                class=""
                                data-pf-content="true"
                                style="margin-bottom: 0.1rem;"
                              >
                                Cloud Region
                              </h6>
                            </div>
                          </div>
                          <div
                            class="pf-l-grid__item pf-m-3-col"
                          >
                            <div
                              class="pf-c-content"
                            >
                              <h6
                                class=""
                                data-pf-content="true"
                                style="margin-bottom: 0.1rem;"
                              >
                                Cluster Size
                              </h6>
                            </div>
                          </div>
                          <div
                            class="pf-l-grid__item pf-m-3-col"
                          >
                            <div
                              class="pf-c-content"
                            >
                              <h6
                                class=""
                                data-pf-content="true"
                                style="margin-bottom: 0.1rem;"
                              >
                                Subdomain
                              </h6>
                            </div>
                          </div>
                        </div>
                      </div>
                    </div>
                    <div
                      class="pf-l-grid__item pf-m-1-col"
                    >
                      <div
                        class="pf-l-flex"
                        style="height: 100%;"
                      >
                        <div
                          class="pf-m-align-self-center"
                        />
                      </div>
                    </div>
                  </div>
                </article>
              </div>
              <div
                class="pf-l-grid__item pf-m-12-col"
              >
                <article
                  class="pf-c-card"
                >
                  <div
                    class="pf-l-grid"
                  >
                    <div
                      class="pf-l-grid__item pf-m-11-col"
                    >
                      <div
                        class="pf-c-card__title"
                      >
                        <div
                          class="pf-l-level"
                        >
                          <div>
                            <h3
                              class="pf-c-title pf-m-lg"
                              style="font-weight: normal;"
                            >
                              Engagement Users
                            </h3>
                          </div>
                          <div />
                        </div>
                      </div>
                      <div
                        class="pf-c-card__body"
                      >
                        <div
                          class="pf-l-grid pf-m-gutter"
                        />
                      </div>
                    </div>
                    <div
                      class="pf-l-grid__item pf-m-1-col"
                    >
                      <div
                        class="pf-l-flex"
                        style="height: 100%;"
                      >
                        <div
                          class="pf-m-align-self-center"
                        />
                      </div>
                    </div>
                  </div>
                </article>
              </div>
              <div
                class="pf-l-grid__item pf-m-12-col"
              >
                <article
                  class="pf-c-card"
                >
                  <div
                    class="pf-l-grid"
                  >
                    <div
                      class="pf-l-grid__item pf-m-11-col"
                    >
                      <div
                        class="pf-c-card__title"
                      >
                        <div
                          class="pf-l-level"
                        >
                          <div>
                            <h3
                              class="pf-c-title pf-m-lg"
                              style="font-weight: normal;"
                            >
                              Activity History
                            </h3>
                          </div>
                          <div />
                        </div>
                      </div>
                      <div
                        class="pf-c-card__body"
                      >
                        <div
                          class="pf-l-grid pf-m-gutter"
                        >
                          <div
                            class="pf-l-grid__item pf-m-12-col"
                          >
                            <div />
                          </div>
                        </div>
                      </div>
                    </div>
                    <div
                      class="pf-l-grid__item pf-m-1-col"
                    >
                      <div
                        class="pf-l-flex"
                        style="height: 100%;"
                      >
                        <div
                          class="pf-m-align-self-center"
                        />
                      </div>
                    </div>
                  </div>
                </article>
              </div>
            </div>
          </div>
        </div>
      </section>
      <section
        aria-labelledby="pf-tab-users-users"
        class="pf-c-tab-content"
        hidden=""
        id="pf-tab-section-users-users"
        role="tabpanel"
        tabindex="0"
      >
        <div
          style="padding-top: 20px;"
        >
          <div>
            <div
              class="pf-c-empty-state"
            >
              <div
                class="pf-c-empty-state__content"
              >
                <svg
                  aria-hidden="true"
                  class="pf-c-empty-state__icon"
                  fill="currentColor"
                  height="1em"
                  role="img"
                  style="vertical-align: -0.125em;"
                  viewBox="0 0 512 512"
                  width="1em"
                >
                  <path
                    d="M488.6 250.2L392 214V105.5c0-15-9.3-28.4-23.4-33.7l-100-37.5c-8.1-3.1-17.1-3.1-25.3 0l-100 37.5c-14.1 5.3-23.4 18.7-23.4 33.7V214l-96.6 36.2C9.3 255.5 0 268.9 0 283.9V394c0 13.6 7.7 26.1 19.9 32.2l100 50c10.1 5.1 22.1 5.1 32.2 0l103.9-52 103.9 52c10.1 5.1 22.1 5.1 32.2 0l100-50c12.2-6.1 19.9-18.6 19.9-32.2V283.9c0-15-9.3-28.4-23.4-33.7zM358 214.8l-85 31.9v-68.2l85-37v73.3zM154 104.1l102-38.2 102 38.2v.6l-102 41.4-102-41.4v-.6zm84 291.1l-85 42.5v-79.1l85-38.8v75.4zm0-112l-102 41.4-102-41.4v-.6l102-38.2 102 38.2v.6zm240 112l-85 42.5v-79.1l85-38.8v75.4zm0-112l-102 41.4-102-41.4v-.6l102-38.2 102 38.2v.6z"
                    transform=""
                  />
                </svg>
                <h4
                  class="pf-c-title pf-m-lg"
                >
                  No Users Added
                </h4>
                <div
                  class="pf-c-empty-state__body"
                >
                  <p>
                    No users have been added to this engagement's yet.
                  </p>
                  <p>
                    Select the 'add user' button below, to begin adding users.
                  </p>
                </div>
                <button
                  class="pf-c-button pf-m-primary"
                  data-ouia-component-type="PF4/Button"
                  data-ouia-safe="true"
                  type="button"
                >
                  Add User
                </button>
              </div>
            </div>
          </div>
        </div>
      </section>
      <section
        aria-labelledby="pf-tab-hosting_environment-hosting_environment"
        class="pf-c-tab-content"
        hidden=""
        id="pf-tab-section-hosting_environment-hosting_environment"
        role="tabpanel"
        tabindex="0"
      >
        <div
          style="padding-top: 20px;"
        >
          <div
            class="pf-c-content"
          >
            <div
              class="pf-l-grid pf-m-gutter"
            >
              <div
                class="pf-l-grid__item pf-m-12-col"
              >
                <article
                  class="pf-c-card"
                >
                  <div
                    class="pf-l-grid"
                  >
                    <div
                      class="pf-l-grid__item pf-m-11-col"
                    >
                      <div
                        class="pf-c-card__title"
                      >
                        <div
                          class="pf-l-level"
                        >
                          <div>
                            <h3
                              class="pf-c-title pf-m-lg"
                              style="font-weight: normal;"
                            >
                              Hosting Environment
                            </h3>
                          </div>
                          <div />
                        </div>
                      </div>
                      <div
                        class="pf-c-card__body"
                      >
                        <div
                          class="pf-l-grid pf-m-gutter"
                        >
                          <div
                            class="pf-l-grid__item pf-m-3-col"
                          >
                            <div
                              class="pf-c-content"
                            >
                              <h6
                                class=""
                                data-pf-content="true"
                                style="margin-bottom: 0.1rem;"
                              >
                                Hosting Type
                              </h6>
                              <p
                                class=""
                                data-pf-content="true"
                              >
                                OpenShift Container Platform
                              </p>
                            </div>
                          </div>
                          <div
                            class="pf-l-grid__item pf-m-3-col"
                          >
                            <div
                              class="pf-c-content"
                            >
                              <h6
                                class=""
                                data-pf-content="true"
                                style="margin-bottom: 0.1rem;"
                              >
                                Cloud Provider
                              </h6>
                            </div>
                          </div>
                          <div
                            class="pf-l-grid__item pf-m-3-col"
                          >
                            <div
                              class="pf-c-content"
                            >
                              <h6
                                class=""
                                data-pf-content="true"
                                style="margin-bottom: 0.1rem;"
                              >
                                OpenShift Version
                              </h6>
                            </div>
                          </div>
                          <div
                            class="pf-l-grid__item pf-m-3-col"
                          >
                            <div
                              class="pf-c-content"
                            >
                              <h6
                                class=""
                                data-pf-content="true"
                                style="margin-bottom: 0.1rem;"
                              >
                                Storage Size
                              </h6>
                            </div>
                          </div>
                          <div
                            class="pf-l-grid__item pf-m-3-col"
                          >
                            <div
                              class="pf-c-content"
                            >
                              <h6
                                class=""
                                data-pf-content="true"
                                style="margin-bottom: 0.1rem;"
                              >
                                Cloud Region
                              </h6>
                            </div>
                          </div>
                          <div
                            class="pf-l-grid__item pf-m-3-col"
                          >
                            <div
                              class="pf-c-content"
                            >
                              <h6
                                class=""
                                data-pf-content="true"
                                style="margin-bottom: 0.1rem;"
                              >
                                Cluster Size
                              </h6>
                            </div>
                          </div>
                          <div
                            class="pf-l-grid__item pf-m-3-col"
                          >
                            <div
                              class="pf-c-content"
                            >
                              <h6
                                class=""
                                data-pf-content="true"
                                style="margin-bottom: 0.1rem;"
                              >
                                Subdomain
                              </h6>
                            </div>
                          </div>
                        </div>
                      </div>
                    </div>
                    <div
                      class="pf-l-grid__item pf-m-1-col"
                    >
                      <div
                        class="pf-l-flex"
                        style="height: 100%;"
                      >
                        <div
                          class="pf-m-align-self-center"
                        />
                      </div>
                    </div>
                  </div>
                </article>
              </div>
            </div>
          </div>
        </div>
      </section>
    </div>
    <div />
    <div />
    <div />
    <div />
    <div />
    <div />
  </body>,
  "container": <div>
    <div
      class="pf-c-tabs pf-m-box"
      data-ouia-component-id="1"
      data-ouia-component-type="PF4/Tabs"
      data-ouia-safe="true"
    >
      <button
        aria-hidden="true"
        aria-label="Scroll left"
        class="pf-c-tabs__scroll-button"
        disabled=""
      >
        <svg
          aria-hidden="true"
          fill="currentColor"
          height="1em"
          role="img"
          style="vertical-align: -0.125em;"
          viewBox="0 0 256 512"
          width="1em"
        >
          <path
            d="M31.7 239l136-136c9.4-9.4 24.6-9.4 33.9 0l22.6 22.6c9.4 9.4 9.4 24.6 0 33.9L127.9 256l96.4 96.4c9.4 9.4 9.4 24.6 0 33.9L201.7 409c-9.4 9.4-24.6 9.4-33.9 0l-136-136c-9.5-9.4-9.5-24.6-.1-34z"
            transform=""
          />
        </svg>
      </button>
      <ul
        class="pf-c-tabs__list"
      >
        <li
          class="pf-c-tabs__item pf-m-current"
        >
          <button
            aria-controls="pf-tab-section-overview-overview"
            class="pf-c-tabs__link"
            id="pf-tab-overview-overview"
          >
            Overview
          </button>
        </li>
        <li
          class="pf-c-tabs__item"
        >
          <button
            aria-controls="pf-tab-section-users-users"
            class="pf-c-tabs__link"
            id="pf-tab-users-users"
          >
            Users
          </button>
        </li>
        <li
          class="pf-c-tabs__item"
        >
          <button
            aria-controls="pf-tab-section-hosting_environment-hosting_environment"
            class="pf-c-tabs__link"
            id="pf-tab-hosting_environment-hosting_environment"
          >
            Hosting Environment
          </button>
        </li>
      </ul>
      <button
        aria-hidden="true"
        aria-label="Scroll right"
        class="pf-c-tabs__scroll-button"
        disabled=""
      >
        <svg
          aria-hidden="true"
          fill="currentColor"
          height="1em"
          role="img"
          style="vertical-align: -0.125em;"
          viewBox="0 0 256 512"
          width="1em"
        >
          <path
            d="M224.3 273l-136 136c-9.4 9.4-24.6 9.4-33.9 0l-22.6-22.6c-9.4-9.4-9.4-24.6 0-33.9l96.4-96.4-96.4-96.4c-9.4-9.4-9.4-24.6 0-33.9L54.3 103c9.4-9.4 24.6-9.4 33.9 0l136 136c9.5 9.4 9.5 24.6.1 34z"
            transform=""
          />
        </svg>
      </button>
    </div>
    <section
      aria-labelledby="pf-tab-overview-overview"
      class="pf-c-tab-content"
      id="pf-tab-section-overview-overview"
      role="tabpanel"
      tabindex="0"
    >
      <div
        style="padding-top: 20px;"
      >
        <div
          class="pf-c-content"
        >
          <div
            class="pf-l-grid pf-m-gutter"
          >
            <div
              class="pf-l-grid__item pf-m-12-col"
            >
              <article
                class="pf-c-card"
              >
                <div
                  class="pf-l-grid"
                >
                  <div
                    class="pf-l-grid__item pf-m-11-col"
                  >
                    <div
                      class="pf-c-card__title"
                    >
                      <div
                        class="pf-l-level"
                      >
                        <div>
                          <h3
                            class="pf-c-title pf-m-lg"
                            style="font-weight: normal;"
                          >
                            Engagement Summary
                          </h3>
                        </div>
                        <div />
                      </div>
                    </div>
                    <div
                      class="pf-c-card__body"
                    >
                      <div
                        class="pf-l-grid pf-m-gutter"
                      >
                        <div
                          class="pf-l-grid__item pf-m-4-col"
                        >
                          <div
                            class="pf-c-content"
                          >
                            <h6
                              class=""
                              data-pf-content="true"
                              style="margin-bottom: 0.1rem;"
                            >
                              Company
                            </h6>
                          </div>
                        </div>
                        <div
                          class="pf-l-grid__item pf-m-4-col"
                        >
                          <div
                            class="pf-c-content"
                          >
                            <h6
                              class=""
                              data-pf-content="true"
                              style="margin-bottom: 0.1rem;"
                            >
                              Project
                            </h6>
                          </div>
                        </div>
                        <div
                          class="pf-l-grid__item pf-m-4-col"
                        >
                          <div
                            class="pf-c-content"
                          >
                            <h6
                              class=""
                              data-pf-content="true"
                              style="margin-bottom: 0.1rem;"
                            >
                              Start Date
                            </h6>
                          </div>
                        </div>
                        <div
                          class="pf-l-grid__item pf-m-4-col"
                        >
                          <div
                            class="pf-c-content"
                          >
                            <h6
                              class=""
                              data-pf-content="true"
                              style="margin-bottom: 0.1rem;"
                            >
                              End Date
                            </h6>
                          </div>
                        </div>
                        <div
                          class="pf-l-grid__item pf-m-4-col"
                        >
                          <div
                            class="pf-c-content"
                          >
                            <h6
                              class=""
                              data-pf-content="true"
                              style="margin-bottom: 0.1rem;"
                            >
                              Description
                            </h6>
                          </div>
                        </div>
                        <div
                          class="pf-l-grid__item pf-m-4-col"
                        >
                          <div
                            class="pf-c-content"
                          >
                            <h6
                              class=""
                              data-pf-content="true"
                              style="margin-bottom: 0.1rem;"
                            >
                              Location
                            </h6>
                          </div>
                        </div>
                      </div>
                    </div>
                  </div>
                  <div
                    class="pf-l-grid__item pf-m-1-col"
                  >
                    <div
                      class="pf-l-flex"
                      style="height: 100%;"
                    >
                      <div
                        class="pf-m-align-self-center"
                      />
                    </div>
                  </div>
                </div>
              </article>
            </div>
            <div
              class="pf-l-grid__item pf-m-12-col"
            >
              <article
                class="pf-c-card"
              >
                <div
                  class="pf-l-grid"
                >
                  <div
                    class="pf-l-grid__item pf-m-11-col"
                  >
                    <div
                      class="pf-c-card__title"
                    >
                      <div
                        class="pf-l-level"
                      >
                        <div>
                          <h3
                            class="pf-c-title pf-m-lg"
                            style="font-weight: normal;"
                          >
                            Points of Contact
                          </h3>
                        </div>
                        <div />
                      </div>
                    </div>
                    <div
                      class="pf-c-card__body"
                    >
                      <div
                        class="pf-l-grid pf-m-gutter"
                      >
                        <div
                          class="pf-l-grid__item pf-m-4-col"
                        >
                          <div
                            class="pf-c-content"
                          >
                            <h6
                              class=""
                              data-pf-content="true"
                              style="margin-bottom: 0.1rem;"
                            >
                              Engagement Lead
                            </h6>
                          </div>
                        </div>
                        <div
                          class="pf-l-grid__item pf-m-4-col"
                        >
                          <div
                            class="pf-c-content"
                          >
                            <h6
                              class=""
                              data-pf-content="true"
                              style="margin-bottom: 0.1rem;"
                            >
                              Technical Lead
                            </h6>
                          </div>
                        </div>
                        <div
                          class="pf-l-grid__item pf-m-4-col"
                        >
                          <div
                            class="pf-c-content"
                          >
                            <h6
                              class=""
                              data-pf-content="true"
                              style="margin-bottom: 0.1rem;"
                            >
                              Customer Contact
                            </h6>
                          </div>
                        </div>
                      </div>
                    </div>
                  </div>
                  <div
                    class="pf-l-grid__item pf-m-1-col"
                  >
                    <div
                      class="pf-l-flex"
                      style="height: 100%;"
                    >
                      <div
                        class="pf-m-align-self-center"
                      />
                    </div>
                  </div>
                </div>
              </article>
            </div>
            <div
              class="pf-l-grid__item pf-m-12-col"
            >
              <article
                class="pf-c-card"
              >
                <div
                  class="pf-l-grid"
                >
                  <div
                    class="pf-l-grid__item pf-m-11-col"
                  >
                    <div
                      class="pf-c-card__title"
                    >
                      <div
                        class="pf-l-level"
                      >
                        <div>
                          <h3
                            class="pf-c-title pf-m-lg"
                            style="font-weight: normal;"
                          >
                            Hosting Environment
                          </h3>
                        </div>
                        <div />
                      </div>
                    </div>
                    <div
                      class="pf-c-card__body"
                    >
                      <div
                        class="pf-l-grid pf-m-gutter"
                      >
                        <div
                          class="pf-l-grid__item pf-m-3-col"
                        >
                          <div
                            class="pf-c-content"
                          >
                            <h6
                              class=""
                              data-pf-content="true"
                              style="margin-bottom: 0.1rem;"
                            >
                              Hosting Type
                            </h6>
                            <p
                              class=""
                              data-pf-content="true"
                            >
                              OpenShift Container Platform
                            </p>
                          </div>
                        </div>
                        <div
                          class="pf-l-grid__item pf-m-3-col"
                        >
                          <div
                            class="pf-c-content"
                          >
                            <h6
                              class=""
                              data-pf-content="true"
                              style="margin-bottom: 0.1rem;"
                            >
                              Cloud Provider
                            </h6>
                          </div>
                        </div>
                        <div
                          class="pf-l-grid__item pf-m-3-col"
                        >
                          <div
                            class="pf-c-content"
                          >
                            <h6
                              class=""
                              data-pf-content="true"
                              style="margin-bottom: 0.1rem;"
                            >
                              OpenShift Version
                            </h6>
                          </div>
                        </div>
                        <div
                          class="pf-l-grid__item pf-m-3-col"
                        >
                          <div
                            class="pf-c-content"
                          >
                            <h6
                              class=""
                              data-pf-content="true"
                              style="margin-bottom: 0.1rem;"
                            >
                              Storage Size
                            </h6>
                          </div>
                        </div>
                        <div
                          class="pf-l-grid__item pf-m-3-col"
                        >
                          <div
                            class="pf-c-content"
                          >
                            <h6
                              class=""
                              data-pf-content="true"
                              style="margin-bottom: 0.1rem;"
                            >
                              Cloud Region
                            </h6>
                          </div>
                        </div>
                        <div
                          class="pf-l-grid__item pf-m-3-col"
                        >
                          <div
                            class="pf-c-content"
                          >
                            <h6
                              class=""
                              data-pf-content="true"
                              style="margin-bottom: 0.1rem;"
                            >
                              Cluster Size
                            </h6>
                          </div>
                        </div>
                        <div
                          class="pf-l-grid__item pf-m-3-col"
                        >
                          <div
                            class="pf-c-content"
                          >
                            <h6
                              class=""
                              data-pf-content="true"
                              style="margin-bottom: 0.1rem;"
                            >
                              Subdomain
                            </h6>
                          </div>
                        </div>
                      </div>
                    </div>
                  </div>
                  <div
                    class="pf-l-grid__item pf-m-1-col"
                  >
                    <div
                      class="pf-l-flex"
                      style="height: 100%;"
                    >
                      <div
                        class="pf-m-align-self-center"
                      />
                    </div>
                  </div>
                </div>
              </article>
            </div>
            <div
              class="pf-l-grid__item pf-m-12-col"
            >
              <article
                class="pf-c-card"
              >
                <div
                  class="pf-l-grid"
                >
                  <div
                    class="pf-l-grid__item pf-m-11-col"
                  >
                    <div
                      class="pf-c-card__title"
                    >
                      <div
                        class="pf-l-level"
                      >
                        <div>
                          <h3
                            class="pf-c-title pf-m-lg"
                            style="font-weight: normal;"
                          >
                            Engagement Users
                          </h3>
                        </div>
                        <div />
                      </div>
                    </div>
                    <div
                      class="pf-c-card__body"
                    >
                      <div
                        class="pf-l-grid pf-m-gutter"
                      />
                    </div>
                  </div>
                  <div
                    class="pf-l-grid__item pf-m-1-col"
                  >
                    <div
                      class="pf-l-flex"
                      style="height: 100%;"
                    >
                      <div
                        class="pf-m-align-self-center"
                      />
                    </div>
                  </div>
                </div>
              </article>
            </div>
            <div
              class="pf-l-grid__item pf-m-12-col"
            >
              <article
                class="pf-c-card"
              >
                <div
                  class="pf-l-grid"
                >
                  <div
                    class="pf-l-grid__item pf-m-11-col"
                  >
                    <div
                      class="pf-c-card__title"
                    >
                      <div
                        class="pf-l-level"
                      >
                        <div>
                          <h3
                            class="pf-c-title pf-m-lg"
                            style="font-weight: normal;"
                          >
                            Activity History
                          </h3>
                        </div>
                        <div />
                      </div>
                    </div>
                    <div
                      class="pf-c-card__body"
                    >
                      <div
                        class="pf-l-grid pf-m-gutter"
                      >
                        <div
                          class="pf-l-grid__item pf-m-12-col"
                        >
                          <div />
                        </div>
                      </div>
                    </div>
                  </div>
                  <div
                    class="pf-l-grid__item pf-m-1-col"
                  >
                    <div
                      class="pf-l-flex"
                      style="height: 100%;"
                    >
                      <div
                        class="pf-m-align-self-center"
                      />
                    </div>
                  </div>
                </div>
              </article>
            </div>
          </div>
        </div>
      </div>
    </section>
    <section
      aria-labelledby="pf-tab-users-users"
      class="pf-c-tab-content"
      hidden=""
      id="pf-tab-section-users-users"
      role="tabpanel"
      tabindex="0"
    >
      <div
        style="padding-top: 20px;"
      >
        <div>
          <div
            class="pf-c-empty-state"
          >
            <div
              class="pf-c-empty-state__content"
            >
              <svg
                aria-hidden="true"
                class="pf-c-empty-state__icon"
                fill="currentColor"
                height="1em"
                role="img"
                style="vertical-align: -0.125em;"
                viewBox="0 0 512 512"
                width="1em"
              >
                <path
                  d="M488.6 250.2L392 214V105.5c0-15-9.3-28.4-23.4-33.7l-100-37.5c-8.1-3.1-17.1-3.1-25.3 0l-100 37.5c-14.1 5.3-23.4 18.7-23.4 33.7V214l-96.6 36.2C9.3 255.5 0 268.9 0 283.9V394c0 13.6 7.7 26.1 19.9 32.2l100 50c10.1 5.1 22.1 5.1 32.2 0l103.9-52 103.9 52c10.1 5.1 22.1 5.1 32.2 0l100-50c12.2-6.1 19.9-18.6 19.9-32.2V283.9c0-15-9.3-28.4-23.4-33.7zM358 214.8l-85 31.9v-68.2l85-37v73.3zM154 104.1l102-38.2 102 38.2v.6l-102 41.4-102-41.4v-.6zm84 291.1l-85 42.5v-79.1l85-38.8v75.4zm0-112l-102 41.4-102-41.4v-.6l102-38.2 102 38.2v.6zm240 112l-85 42.5v-79.1l85-38.8v75.4zm0-112l-102 41.4-102-41.4v-.6l102-38.2 102 38.2v.6z"
                  transform=""
                />
              </svg>
              <h4
                class="pf-c-title pf-m-lg"
              >
                No Users Added
              </h4>
              <div
                class="pf-c-empty-state__body"
              >
                <p>
                  No users have been added to this engagement's yet.
                </p>
                <p>
                  Select the 'add user' button below, to begin adding users.
                </p>
              </div>
              <button
                class="pf-c-button pf-m-primary"
                data-ouia-component-type="PF4/Button"
                data-ouia-safe="true"
                type="button"
              >
                Add User
              </button>
            </div>
          </div>
        </div>
      </div>
    </section>
    <section
      aria-labelledby="pf-tab-hosting_environment-hosting_environment"
      class="pf-c-tab-content"
      hidden=""
      id="pf-tab-section-hosting_environment-hosting_environment"
      role="tabpanel"
      tabindex="0"
    >
      <div
        style="padding-top: 20px;"
      >
        <div
          class="pf-c-content"
        >
          <div
            class="pf-l-grid pf-m-gutter"
          >
            <div
              class="pf-l-grid__item pf-m-12-col"
            >
              <article
                class="pf-c-card"
              >
                <div
                  class="pf-l-grid"
                >
                  <div
                    class="pf-l-grid__item pf-m-11-col"
                  >
                    <div
                      class="pf-c-card__title"
                    >
                      <div
                        class="pf-l-level"
                      >
                        <div>
                          <h3
                            class="pf-c-title pf-m-lg"
                            style="font-weight: normal;"
                          >
                            Hosting Environment
                          </h3>
                        </div>
                        <div />
                      </div>
                    </div>
                    <div
                      class="pf-c-card__body"
                    >
                      <div
                        class="pf-l-grid pf-m-gutter"
                      >
                        <div
                          class="pf-l-grid__item pf-m-3-col"
                        >
                          <div
                            class="pf-c-content"
                          >
                            <h6
                              class=""
                              data-pf-content="true"
                              style="margin-bottom: 0.1rem;"
                            >
                              Hosting Type
                            </h6>
                            <p
                              class=""
                              data-pf-content="true"
                            >
                              OpenShift Container Platform
                            </p>
                          </div>
                        </div>
                        <div
                          class="pf-l-grid__item pf-m-3-col"
                        >
                          <div
                            class="pf-c-content"
                          >
                            <h6
                              class=""
                              data-pf-content="true"
                              style="margin-bottom: 0.1rem;"
                            >
                              Cloud Provider
                            </h6>
                          </div>
                        </div>
                        <div
                          class="pf-l-grid__item pf-m-3-col"
                        >
                          <div
                            class="pf-c-content"
                          >
                            <h6
                              class=""
                              data-pf-content="true"
                              style="margin-bottom: 0.1rem;"
                            >
                              OpenShift Version
                            </h6>
                          </div>
                        </div>
                        <div
                          class="pf-l-grid__item pf-m-3-col"
                        >
                          <div
                            class="pf-c-content"
                          >
                            <h6
                              class=""
                              data-pf-content="true"
                              style="margin-bottom: 0.1rem;"
                            >
                              Storage Size
                            </h6>
                          </div>
                        </div>
                        <div
                          class="pf-l-grid__item pf-m-3-col"
                        >
                          <div
                            class="pf-c-content"
                          >
                            <h6
                              class=""
                              data-pf-content="true"
                              style="margin-bottom: 0.1rem;"
                            >
                              Cloud Region
                            </h6>
                          </div>
                        </div>
                        <div
                          class="pf-l-grid__item pf-m-3-col"
                        >
                          <div
                            class="pf-c-content"
                          >
                            <h6
                              class=""
                              data-pf-content="true"
                              style="margin-bottom: 0.1rem;"
                            >
                              Cluster Size
                            </h6>
                          </div>
                        </div>
                        <div
                          class="pf-l-grid__item pf-m-3-col"
                        >
                          <div
                            class="pf-c-content"
                          >
                            <h6
                              class=""
                              data-pf-content="true"
                              style="margin-bottom: 0.1rem;"
                            >
                              Subdomain
                            </h6>
                          </div>
                        </div>
                      </div>
                    </div>
                  </div>
                  <div
                    class="pf-l-grid__item pf-m-1-col"
                  >
                    <div
                      class="pf-l-flex"
                      style="height: 100%;"
                    >
                      <div
                        class="pf-m-align-self-center"
                      />
                    </div>
                  </div>
                </div>
              </article>
            </div>
          </div>
        </div>
      </div>
    </section>
  </div>,
  "debug": [Function],
  "findAllByAltText": [Function],
  "findAllByDisplayValue": [Function],
  "findAllByLabelText": [Function],
  "findAllByPlaceholderText": [Function],
  "findAllByRole": [Function],
  "findAllByTestId": [Function],
  "findAllByText": [Function],
  "findAllByTitle": [Function],
  "findByAltText": [Function],
  "findByDisplayValue": [Function],
  "findByLabelText": [Function],
  "findByPlaceholderText": [Function],
  "findByRole": [Function],
  "findByTestId": [Function],
  "findByText": [Function],
  "findByTitle": [Function],
  "getAllByAltText": [Function],
  "getAllByDisplayValue": [Function],
  "getAllByLabelText": [Function],
  "getAllByPlaceholderText": [Function],
  "getAllByRole": [Function],
  "getAllByTestId": [Function],
  "getAllByText": [Function],
  "getAllByTitle": [Function],
  "getByAltText": [Function],
  "getByDisplayValue": [Function],
  "getByLabelText": [Function],
  "getByPlaceholderText": [Function],
  "getByRole": [Function],
  "getByTestId": [Function],
  "getByText": [Function],
  "getByTitle": [Function],
  "queryAllByAltText": [Function],
  "queryAllByDisplayValue": [Function],
  "queryAllByLabelText": [Function],
  "queryAllByPlaceholderText": [Function],
  "queryAllByRole": [Function],
  "queryAllByTestId": [Function],
  "queryAllByText": [Function],
  "queryAllByTitle": [Function],
  "queryByAltText": [Function],
  "queryByDisplayValue": [Function],
  "queryByLabelText": [Function],
  "queryByPlaceholderText": [Function],
  "queryByRole": [Function],
  "queryByTestId": [Function],
  "queryByText": [Function],
  "queryByTitle": [Function],
  "rerender": [Function],
  "unmount": [Function],
}
`;
